
> project-aegis-frontend@0.0.0 build
> vite build

[36mvite v5.4.21 [32mbuilding for production...[36m[39m
transforming...
[32mΓ£ô[39m 30 modules transformed.
npm : [31mx[39m Build failed in 629ms
At line:1 char:14
+ cd frontend; npm run build > 
build_output.txt 2>&1
+              
~~~~~~~~~~~~~~~~~~~~~~~~~~~~~~~~~~~~~
    + CategoryInfo          : NotSpecified: 
    ([31mx[39m Build failed in 629ms:Str  
  ing) [], RemoteException
    + FullyQualifiedErrorId : NativeCommand 
   Error
 
[31merror during build:
[31m[vite]: Rollup failed to resolve 
import "react-hot-toast" from "C:/Users/ASUS
/project-aegis/frontend/src/pages/dashboard/
Marketplace.jsx".
This is most likely unintended because it 
can break your application at runtime.
If you do want to externalize this module 
explicitly add it to
`build.rollupOptions.external`[31m
    at viteWarn (file:///C:/Users/ASUS/proje
ct-aegis/frontend/node_modules/vite/dist/nod
e/chunks/dep-BK3b2jBa.js:65855:17)
    at onwarn (file:///C:/Users/ASUS/project
-aegis/frontend/node_modules/@vitejs/plugin-
react/dist/index.js:90:7)
    at onRollupWarning (file:///C:/Users/ASU
S/project-aegis/frontend/node_modules/vite/d
ist/node/chunks/dep-BK3b2jBa.js:65885:5)
    at onwarn (file:///C:/Users/ASUS/project
-aegis/frontend/node_modules/vite/dist/node/
chunks/dep-BK3b2jBa.js:65550:7)
    at file:///C:/Users/ASUS/project-aegis/f
rontend/node_modules/rollup/dist/es/shared/n
ode-entry.js:20995:13
    at Object.logger [as onLog] (file:///C:/
Users/ASUS/project-aegis/frontend/node_modul
es/rollup/dist/es/shared/node-entry.js:22968
:9)
    at ModuleLoader.handleInvalidResolvedId 
(file:///C:/Users/ASUS/project-aegis/fronten
d/node_modules/rollup/dist/es/shared/node-en
try.js:21712:26)
    at file:///C:/Users/ASUS/project-aegis/f
rontend/node_modules/rollup/dist/es/shared/n
ode-entry.js:21670:26[39m
